[backblue.gif]
[fade.gif]
[index.html]
[10.41.39.153/css/pc/parts/windows_icon_16x16.png]
[10.41.39.153/css/pc/parts/windows_icon_32x32.png]
[10.41.39.153/css/pc/parts/windows_icon_48x48.png]
[10.41.39.153/css/pc/parts/windows_icon_64x64.png]
[10.41.39.153/css/pc/parts/windows_icon_152x152.png]
[10.41.39.153/css/pc/parts/windows_icon_180x180.png]
[10.41.39.153/js/include/capi.js]
[10.41.39.153/js/include/jquery-3.5.1.min.js]
[10.41.39.153/js/include/jquery-ui.js]
[10.41.39.153/js/include/jquery.ui.touch-punch.js]
[10.41.39.153/js/include/jquery.alerts.live.js]
[10.41.39.153/js/include/jquery.form.js]
[10.41.39.153/js/pc/first_login.js]
[10.41.39.153/js/pc/setting.js]
[10.41.39.153/js/pc/live_camera_control_display.js]
[10.41.39.153/js/include/cparam.js]
[10.41.39.153/js/pc/common_function.js]
[10.41.39.153/js/pc/system_const.js]
[10.41.39.153/js/pc/display_base_header_tab.js]
[10.41.39.153/js/pc/ptzMouseMoveCtrl.js]
[10.41.39.153/js/pc/camera_controller_setting.js]
[10.41.39.153/js/include/chknet.js]
[10.41.39.153/js/include/cactivex.js]
[10.41.39.153/js/include/cpage.js]
[10.41.39.153/js/pc/language.js]
[10.41.39.153/js/include/chktitle.js]
[10.41.39.153/js/pc/menubar.js]
[10.41.39.153/js/pc/setting_user_mng.js]
[10.41.39.153/js/pc/setting_imageOrAudio.js]
[10.41.39.153/js/pc/setting_mediaOverIp.js]
[10.41.39.153/js/pc/setting_image_uhd.js]
[10.41.39.153/js/pc/setting_image_preset_position.js]
[10.41.39.153/js/pc/setting_maintenace_log.js]
[10.41.39.153/js/pc/setting_maintenance_maintenance.js]
[10.41.39.153/js/pc/liveview.js]
[10.41.39.153/js/pc/setting_status.js]
[10.41.39.153/js/pc/iris_controller.js]
[10.41.39.153/js/include/chkfile.js]
[10.41.39.153/live/index.html]
[10.41.39.153/css/pc/parts/audiolevelmeter_container.png]
[10.41.39.153/css/pc/parts/gauge_gray.png]
[10.41.39.153/css/pc/control.css]
[10.41.39.153/css/pc/parts/gauge_red.png]
[10.41.39.153/css/pc/control_hires.css]
[10.41.39.153/css/pc/parts/btn_common_normal.png]
[10.41.39.153/css/pc/parts/btn_common_onMouse.png]
[10.41.39.153/css/pc/jquery.alerts.live.css]
[10.41.39.153/css/pc/parts/cc_btn_expand_pressed.png]
[10.41.39.153/css/pc/parts/cc_btn_expand_normal.png]
[10.41.39.153/css/pc/parts/cc_btn_expand_onmouse.png]
[10.41.39.153/css/pc/parts/cc_btn_expand_disable.png]
[10.41.39.153/css/pc/parts/L_header_btn_mode_phone_pressed.png]
[10.41.39.153/css/pc/parts/L_header_btn_mode_phone_normal.png]
[10.41.39.153/css/pc/parts/L_header_btn_mode_phone_onmouse.png]
[10.41.39.153/css/pc/parts/L_header_btn_mode_phone_disable.png]
[10.41.39.153/css/pc/parts/tab_top_L_selected.png]
[10.41.39.153/css/pc/parts/tab_top_L_normal.png]
[10.41.39.153/css/pc/parts/tab_top_L_onMouse.png]
[10.41.39.153/css/pc/parts/toptab_R_selected.png]
[10.41.39.153/css/pc/parts/tab_top_R_normal.png]
[10.41.39.153/css/pc/parts/tab_top_R_disable.png]
[10.41.39.153/css/pc/parts/tab_top_R_selected.png]
[10.41.39.153/css/pc/parts/tab_top_R_onMouse.png]
[10.41.39.153/css/pc/display_base.css]
[10.41.39.153/css/pc/display_base_header.css]
[10.41.39.153/css/pc/parts/btn_pulldown_normal.png]
[10.41.39.153/css/pc/parts/btn_pulldown_click.png]
[10.41.39.153/css/pc/parts/btn_pulldown_onMouse.png]
[10.41.39.153/css/pc/parts/btn_pulldown_disable.png]
[10.41.39.153/css/pc/parts/btn_cameraController_slider_toggle_normal.png]
[10.41.39.153/css/pc/parts/btn_cameraController_slider_toggle_onMouse.png]
[10.41.39.153/css/pc/parts/btn_cameraController_slider_toggle_selected.png]
[10.41.39.153/css/pc/parts/btn_cameraController_slider_toggle_disable.png]
[10.41.39.153/css/pc/parts/cc_menu_osd_arrow_up_normal.png]
[10.41.39.153/css/pc/parts/cc_menu_osd_arrow_down_normal.png]
[10.41.39.153/css/pc/parts/cc_menu_osd_arrow_left_normal.png]
[10.41.39.153/css/pc/parts/cc_menu_osd_arrow_right_normal.png]
[10.41.39.153/css/pc/parts/L_menu_osd_arrow_none_normal.png]
[10.41.39.153/css/pc/parts/setup_menu_btn_exec_normal.png]
[10.41.39.153/css/pc/parts/cc_menu_btn_oplock_normal.png]
[10.41.39.153/css/pc/parts/cc_menu_osd_arrow_up_onmouse.png]
[10.41.39.153/css/pc/parts/cc_menu_osd_arrow_down_onmouse.png]
[10.41.39.153/css/pc/parts/cc_menu_osd_arrow_left_onmouse.png]
[10.41.39.153/css/pc/parts/cc_menu_osd_arrow_right_onmouse.png]
[10.41.39.153/css/pc/parts/L_menu_osd_arrow_none_onmouse.png]
[10.41.39.153/css/pc/parts/setup_menu_btn_exec_onmouse.png]
[10.41.39.153/css/pc/parts/cc_menu_btn_oplock_onmouse.png]
[10.41.39.153/css/pc/parts/cc_menu_osd_arrow_up_pressed.png]
[10.41.39.153/css/pc/parts/cc_menu_osd_arrow_down_pressed.png]
[10.41.39.153/css/pc/parts/cc_menu_osd_arrow_left_pressed.png]
[10.41.39.153/css/pc/parts/cc_menu_osd_arrow_right_pressed.png]
[10.41.39.153/css/pc/parts/L_menu_osd_arrow_none_pressed.png]
[10.41.39.153/css/pc/parts/setup_menu_btn_exec_pressed.png]
[10.41.39.153/css/pc/parts/cc_menu_btn_oplock_selected.png]
[10.41.39.153/css/pc/parts/cc_menu_btn_oplock_selectedOnmouse.png]
[10.41.39.153/css/pc/parts/setup_menu_btn_exec_disable.png]
[10.41.39.153/css/pc/parts/cc_menu_osd_arrow_up_disable.png]
[10.41.39.153/css/pc/parts/cc_menu_osd_arrow_down_disable.png]
[10.41.39.153/css/pc/parts/cc_menu_osd_arrow_left_disable.png]
[10.41.39.153/css/pc/parts/cc_menu_osd_arrow_right_disable.png]
[10.41.39.153/css/pc/parts/cc_menu_btn_oplock_disable.png]
[10.41.39.153/css/pc/parts/cc_header_btn_fullscreen_normal.png]
[10.41.39.153/css/pc/parts/cc_header_btn_fullscreen_pressed.png]
[10.41.39.153/css/pc/parts/cc_header_btn_fullscreen_disable.png]
[10.41.39.153/css/pc/parts/cc_header_btn_fullscreen_onmouse.png]
[10.41.39.153/css/pc/parts/ic_pulldown_arrow_normal.png]
[10.41.39.153/css/pc/parts/ic_pulldown_arrow_click.png]
[10.41.39.153/css/pc/parts/ic_pulldown_arrow_onMouse.png]
[10.41.39.153/css/pc/parts/ic_pulldown_arrow_disable.png]
[10.41.39.153/css/pc/parts/cc_ic_pulldown_normal.png]
[10.41.39.153/css/pc/parts/pl_tab_page_R_selected.png]
[10.41.39.153/css/pc/parts/pl_tab_page_R_normal.png]
[10.41.39.153/css/pc/parts/pl_tab_page_R_onmouse.png]
[10.41.39.153/css/pc/parts/cc_menu_tab_L_normal.png]
[10.41.39.153/css/pc/parts/tab_preview_ptzCtrl_normal.png]
[10.41.39.153/css/pc/parts/cc_menu_tab_streaming_L_normal.png]
[10.41.39.153/css/pc/parts/pl_tab_page_L_selected.png]
[10.41.39.153/css/pc/parts/pl_tab_page_L_normal.png]
[10.41.39.153/css/pc/parts/pl_tab_page_L_onmouse.png]
[10.41.39.153/css/pc/parts/cc_menu_tab_streaming_L_selected.png]
[10.41.39.153/css/pc/parts/cc_menu_tab_streaming_L_disable.png]
[10.41.39.153/css/pc/parts/cc_menu_tab_streaming_L_onmouse.png]
[10.41.39.153/css/pc/parts/cc_menu_tab_streaming_M_normal.png]
[10.41.39.153/css/pc/parts/cc_menu_tab_streaming_M_selected.png]
[10.41.39.153/css/pc/parts/cc_menu_tab_streaming_M_disable.png]
[10.41.39.153/css/pc/parts/cc_menu_tab_streaming_M_onmouse.png]
[10.41.39.153/css/pc/parts/cc_menu_tab_streaming_R_normal.png]
[10.41.39.153/css/pc/parts/cc_menu_tab_streaming_R_selected.png]
[10.41.39.153/css/pc/parts/cc_menu_tab_streaming_R_disable.png]
[10.41.39.153/css/pc/parts/cc_menu_tab_streaming_R_onmouse.png]
[10.41.39.153/css/pc/parts/cc_menu_tab_R_normal.png]
[10.41.39.153/css/pc/parts/cc_menu_tab_L_selected.png]
[10.41.39.153/css/pc/parts/cc_menu_tab_R_selected.png]
[10.41.39.153/css/pc/parts/cc_menu_tab_L_disable.png]
[10.41.39.153/css/pc/parts/cc_menu_tab_R_disable.png]
[10.41.39.153/css/pc/parts/tab_preview_camera_disable.png]
[10.41.39.153/css/pc/parts/cc_menu_tab_L_onmouse.png]
[10.41.39.153/css/pc/parts/cc_menu_tab_R_onmouse.png]
[10.41.39.153/css/pc/parts/btn_cameraController_slider_toggle_selectedOnMouse.png]
[10.41.39.153/css/pc/parts/setup_update_vu_arrow_2.gif]
[10.41.39.153/css/pc/parts/btn_level_normal.png]
[10.41.39.153/css/pc/parts/btn_level_onmouse.png]
[10.41.39.153/css/pc/parts/btn_level_selecting.png]
[10.41.39.153/css/pc/parts/btn_level_disable.png]
[10.41.39.153/css/pc/parts/normal.png]
[10.41.39.153/css/pc/parts/onmouse.png]
[10.41.39.153/css/pc/parts/select.png]
[10.41.39.153/css/pc/parts/disable.png]
[10.41.39.153/css/pc/parts/header_btn_noUpdate_selected.png]
[10.41.39.153/css/pc/parts/header_btn_noUpdate_selectedOnmouse.png]
[10.41.39.153/css/pc/parts/header_btn_noUpdate_normal.png]
[10.41.39.153/css/pc/parts/header_btn_noUpdate_onmouse.png]
[10.41.39.153/css/pc/parts/header_btn_noUpdate_disable.png]
[10.41.39.153/css/pc/camera_live_area.css]
[10.41.39.153/css/pc/tracking_controller.css]
[10.41.39.153/css/pc/parts/cc_ptz_joystick_knob_normal.png]
[10.41.39.153/css/pc/parts/btn_cameraController_ptz_arrow_up_normal.png]
[10.41.39.153/css/pc/parts/btn_cameraController_ptz_arrow_up_click.png]
[10.41.39.153/css/pc/parts/btn_cameraController_ptz_arrow_up_disable.png]
[10.41.39.153/css/pc/parts/btn_cameraController_ptz_arrow_up_onMouse.png]
[10.41.39.153/css/pc/parts/btn_cameraController_ptz_arrow_down_normal.png]
[10.41.39.153/css/pc/parts/btn_cameraController_ptz_arrow_down_click.png]
[10.41.39.153/css/pc/parts/btn_cameraController_ptz_arrow_down_disable.png]
[10.41.39.153/css/pc/parts/btn_cameraController_ptz_arrow_down_onMouse.png]
[10.41.39.153/css/pc/parts/btn_cameraController_ptz_arrow_left_normal.png]
[10.41.39.153/css/pc/parts/btn_cameraController_ptz_arrow_left_click_.png]
[10.41.39.153/css/pc/parts/btn_cameraController_ptz_arrow_left_disable.png]
[10.41.39.153/css/pc/parts/btn_cameraController_ptz_arrow_left_onMouse.png]
[10.41.39.153/css/pc/parts/btn_cameraController_ptz_arrow_right_normal.png]
[10.41.39.153/css/pc/parts/btn_cameraController_ptz_arrow_right_click.png]
[10.41.39.153/css/pc/parts/btn_cameraController_ptz_arrow_right_disable.png]
[10.41.39.153/css/pc/parts/btn_cameraController_ptz_arrow_right_onMouse.png]
[10.41.39.153/css/pc/parts/btn_cameraController_ptz_arrow_upperLeft_normal.png]
[10.41.39.153/css/pc/parts/btn_cameraController_ptz_arrow_upperLeft_click.png]
[10.41.39.153/css/pc/parts/btn_cameraController_ptz_arrow_upperLeft_disable.png]
[10.41.39.153/css/pc/parts/btn_cameraController_ptz_arrow_upperLeft_onMouse.png]
[10.41.39.153/css/pc/parts/btn_cameraController_ptz_arrow_lowerLeft_normal.png]
[10.41.39.153/css/pc/parts/btn_cameraController_ptz_arrow_lowerLeft_click.png]
[10.41.39.153/css/pc/parts/btn_cameraController_ptz_arrow_lowerLeft_disable.png]
[10.41.39.153/css/pc/parts/btn_cameraController_ptz_arrow_lowerLeft_onMouse.png]
[10.41.39.153/css/pc/parts/btn_cameraController_ptz_arrow_upperRight_normal.png]
[10.41.39.153/css/pc/parts/btn_cameraController_ptz_arrow_upperRight_click.png]
[10.41.39.153/css/pc/parts/btn_cameraController_ptz_arrow_upperRight_disable.png]
[10.41.39.153/css/pc/parts/btn_cameraController_ptz_arrow_upperRight_onMouse.png]
[10.41.39.153/css/pc/parts/btn_cameraController_ptz_arrow_lowerRight_normal.png]
[10.41.39.153/css/pc/parts/btn_cameraController_ptz_arrow_lowerRight_click.png]
[10.41.39.153/css/pc/parts/btn_cameraController_ptz_arrow_lowerRight_disable.png]
[10.41.39.153/css/pc/parts/btn_cameraController_ptz_arrow_lowerRight_onMouse.png]
[10.41.39.153/css/pc/parts/cc_slider_knob_normal.png]
[10.41.39.153/css/pc/parts/cc_slider_knob_pressed.png]
[10.41.39.153/css/pc/parts/cc_slider_knob_onmouse.png]
[10.41.39.153/css/pc/parts/cc_slider_knob_disable.png]
[10.41.39.153/css/pc/parts/cc_btn_slider_normal.png]
[10.41.39.153/css/pc/parts/cc_btn_slider_pressed.png]
[10.41.39.153/css/pc/parts/cc_btn_slider_disable.png]
[10.41.39.153/css/pc/parts/cc_btn_slider_onmouse.png]
[10.41.39.153/css/pc/parts/cc_detail_btn02_normal.png]
[10.41.39.153/css/pc/parts/cc_detail_btn02_selected.png]
[10.41.39.153/css/pc/parts/cc_detail_btn02_disable.png]
[10.41.39.153/css/pc/parts/cc_detail_btn02_selectedOnmouse.png]
[10.41.39.153/css/pc/parts/cc_detail_btn02_onmouse.png]
[10.41.39.153/css/pc/parts/cc_detail_btn01_normal.png]
[10.41.39.153/css/pc/parts/cc_detail_btn01_pressed.png]
[10.41.39.153/css/pc/parts/cc_detail_btn01_disable.png]
[10.41.39.153/css/pc/parts/cc_detail_btn01_onmouse.png]
[10.41.39.153/css/pc/parts/cc_btn_slider_option_normal.png]
[10.41.39.153/css/pc/parts/cc_btn_slider_option_selected.png]
[10.41.39.153/css/pc/parts/cc_btn_slider_option_disable.png]
[10.41.39.153/css/pc/parts/cc_btn_slider_option_selectedOnmouse.png]
[10.41.39.153/css/pc/parts/cc_btn_slider_option_onmouse.png]
[10.41.39.153/css/pc/parts/pl_preset_btn_thumbail_pressed.png]
[10.41.39.153/css/pc/parts/pl_preset_btn_thumbail_normal.png]
[10.41.39.153/css/pc/parts/pl_preset_btn_thumbail_onmouse.png]
[10.41.39.153/css/pc/parts/btn_cameraController_preset_normal.png]
[10.41.39.153/css/pc/parts/header_btn_presetList_normal.png]
[10.41.39.153/css/pc/parts/header_btn_presetList_onmouse.png]
[10.41.39.153/css/pc/parts/header_btn_presetList_selected.png]
[10.41.39.153/css/pc/parts/header_btn_presetList_selectedOnmouse.png]
[10.41.39.153/css/pc/parts/header_btn_presetList_disable.png]
[10.41.39.153/css/pc/parts/setup_slider_btn_option_disable.png]
[10.41.39.153/css/pc/parts/cc_preset_tab_page_L_onmouse.png]
[10.41.39.153/css/pc/parts/cc_preset_tab_page_M_onmouse.png]
[10.41.39.153/css/pc/parts/cc_preset_tab_page_R_onmouse.png]
[10.41.39.153/css/pc/parts/cc_preset_tab_page_L_normal.png]
[10.41.39.153/css/pc/parts/cc_preset_tab_page_M_normal.png]
[10.41.39.153/css/pc/parts/cc_preset_tab_page_R_normal.png]
[10.41.39.153/css/pc/parts/btn_cap_set_disable.png]
[10.41.39.153/css/pc/parts/cc_preset_tab_page_L_selected.png]
[10.41.39.153/css/pc/parts/cc_preset_tab_page_M_selected.png]
[10.41.39.153/css/pc/parts/cc_preset_tab_page_R_selected.png]
[10.41.39.153/css/pc/parts/L_cc_preset_tab_page_upperLeft_onmouse.png]
[10.41.39.153/css/pc/parts/L_cc_preset_tab_page_upperMiddle_onmouse.png]
[10.41.39.153/css/pc/parts/L_cc_preset_tab_page_upperRight_onmouse.png]
[10.41.39.153/css/pc/parts/L_cc_preset_tab_page_lowerLeft_onmouse.png]
[10.41.39.153/css/pc/parts/L_cc_preset_tab_page_lowerMiddle_onmouse.png]
[10.41.39.153/css/pc/parts/L_cc_preset_tab_page_lowerRight_onmouse.png]
[10.41.39.153/css/pc/parts/L_cc_preset_tab_page_upperLeft_normal.png]
[10.41.39.153/css/pc/parts/L_cc_preset_tab_page_upperMiddle_normal.png]
[10.41.39.153/css/pc/parts/L_cc_preset_tab_page_upperRight_normal.png]
[10.41.39.153/css/pc/parts/L_cc_preset_tab_page_lowerLeft_normal.png]
[10.41.39.153/css/pc/parts/L_cc_preset_tab_page_lowerMiddle_normal.png]
[10.41.39.153/css/pc/parts/L_cc_preset_tab_page_lowerRight_normal.png]
[10.41.39.153/css/pc/parts/L_cc_preset_tab_page_upperLeft_disable.png]
[10.41.39.153/css/pc/parts/L_cc_preset_tab_page_upperMiddle_disable.png]
[10.41.39.153/css/pc/parts/L_cc_preset_tab_page_upperRight_disable.png]
[10.41.39.153/css/pc/parts/L_cc_preset_tab_page_lowerLeft_disable.png]
[10.41.39.153/css/pc/parts/L_cc_preset_tab_page_lowerMiddle_disable.png]
[10.41.39.153/css/pc/parts/L_cc_preset_tab_page_lowerRight_disable.png]
[10.41.39.153/css/pc/parts/L_cc_preset_tab_page_upperLeft_selected.png]
[10.41.39.153/css/pc/parts/L_cc_preset_tab_page_upperMiddle_selected.png]
[10.41.39.153/css/pc/parts/L_cc_preset_tab_page_upperRight_selected.png]
[10.41.39.153/css/pc/parts/L_cc_preset_tab_page_lowerLeft_selected.png]
[10.41.39.153/css/pc/parts/L_cc_preset_tab_page_lowerMiddle_selected.png]
[10.41.39.153/css/pc/parts/L_cc_preset_tab_page_lowerRight_selected.png]
[10.41.39.153/css/pc/parts/cc_btn_slider_arrow_up_normal.png]
[10.41.39.153/css/pc/parts/cc_btn_slider_arrow_up_pressed.png]
[10.41.39.153/css/pc/parts/cc_btn_slider_arrow_up_disable.png]
[10.41.39.153/css/pc/parts/btn_cameraController_slider_up_click.png]
[10.41.39.153/css/pc/parts/cc_btn_slider_arrow_up_onmouse.png]
[10.41.39.153/css/pc/parts/cc_btn_slider_arrow_down_normal.png]
[10.41.39.153/css/pc/parts/cc_btn_slider_arrow_down_pressed.png]
[10.41.39.153/css/pc/parts/cc_btn_slider_arrow_down_disable.png]
[10.41.39.153/css/pc/parts/cc_btn_slider_arrow_down_onmouse.png]
[10.41.39.153/css/pc/parts/cc_btn_reduce_normal.png]
[10.41.39.153/css/pc/parts/cc_btn_reduce_pressed.png]
[10.41.39.153/css/pc/parts/cc_btn_reduce_disable.png]
[10.41.39.153/css/pc/parts/cc_btn_reduce_onmouse.png]
[10.41.39.153/css/pc/parts/btn_cameraController_slider_up_normal.png]
[10.41.39.153/css/pc/parts/btn_cameraController_slider_up_disable.png]
[10.41.39.153/css/pc/parts/btn_cameraController_slider_up_onMouse.png]
[10.41.39.153/css/pc/parts/btn_cameraController_slider_down_normal.png]
[10.41.39.153/css/pc/parts/btn_cameraController_slider_down_click.png]
[10.41.39.153/css/pc/parts/btn_cameraController_slider_down_disable.png]
[10.41.39.153/css/pc/parts/btn_cameraController_slider_down_onMouse.png]
[10.41.39.153/css/pc/parts/cc_btn_camera_normal.png]
[10.41.39.153/css/pc/parts/cc_btn_camera_pressed.png]
[10.41.39.153/css/pc/parts/cc_btn_camera_disable.png]
[10.41.39.153/css/pc/parts/cc_btn_camera_onmouse.png]
[10.41.39.153/css/pc/parts/btn_screenShot.png]
[10.41.39.153/css/pc/parts/btn_rec_rect_normal.png]
[10.41.39.153/css/pc/parts/btn_rec_rect_selected.png]
[10.41.39.153/css/pc/parts/btn_rec_rect_disable.png]
[10.41.39.153/css/pc/parts/btn_rec_rect_onMouse.png]
[10.41.39.153/css/pc/parts/cc_btn_stream_normal.png]
[10.41.39.153/css/pc/parts/cc_btn_stream_selected.png]
[10.41.39.153/css/pc/parts/cc_btn_stream_disable.png]
[10.41.39.153/css/pc/parts/cc_btn_stream_selectedOnmouse.png]
[10.41.39.153/css/pc/parts/cc_btn_stream_onmouse.png]
[10.41.39.153/css/pc/parts/cc_btn_setup_normal.png]
[10.41.39.153/css/pc/parts/cc_btn_setup_pressed.png]
[10.41.39.153/css/pc/parts/cc_btn_setup_disable.png]
[10.41.39.153/css/pc/parts/cc_btn_setup_onmouse.png]
[10.41.39.153/css/pc/parts/cc_btn_detail_normal.png]
[10.41.39.153/css/pc/parts/cc_btn_detail_selected.png]
[10.41.39.153/css/pc/parts/cc_btn_detail_disable.png]
[10.41.39.153/css/pc/parts/cc_btn_detail_selectedOnmouse.png]
[10.41.39.153/css/pc/parts/cc_btn_detail_onmouse.png]
[10.41.39.153/css/pc/parts/cc_detail_tab_L_selected.png]
[10.41.39.153/css/pc/parts/cc_detail_tab_L_normal.png]
[10.41.39.153/css/pc/parts/cc_detail_tab_L_onmouse.png]
[10.41.39.153/css/pc/parts/cc_detail_tab_L_disable.png]
[10.41.39.153/css/pc/parts/cc_detail_tab_M_disable.png]
[10.41.39.153/css/pc/parts/cc_detail_tab_M_selected.png]
[10.41.39.153/css/pc/parts/cc_detail_tab_M_normal.png]
[10.41.39.153/css/pc/parts/cc_detail_tab_M_onmouse.png]
[10.41.39.153/css/pc/parts/cc_detail_tab_R_selected.png]
[10.41.39.153/css/pc/parts/cc_detail_tab_R_normal.png]
[10.41.39.153/css/pc/parts/cc_detail_tab_R_onmouse.png]
[10.41.39.153/css/pc/parts/cc_detail_tab_R_disable.png]
[10.41.39.153/css/pc/parts/pl_btn_home_pressed.png]
[10.41.39.153/css/pc/parts/pl_btn_home_normal.png]
[10.41.39.153/css/pc/camera_controller_setting_live.css]
[10.41.39.153/css/pc/parts/pl_btn_home_onmouse.png]
[10.41.39.153/css/pc/camera_controller_setting_ptz.css]
[10.41.39.153/css/pc/camera_detail_table.css]
[10.41.39.153/css/pc/tracking_setting.css]
[10.41.39.153/css/pc/parts/setup_menu_btn_set_normal.png]
[10.41.39.153/css/pc/parts/setup_menu_btn_set_pressed.png]
[10.41.39.153/css/pc/parts/setup_menu_btn_set_disable.png]
[10.41.39.153/css/pc/parts/setup_menu_btn_set_onmouse.png]
[10.41.39.153/css/pc/parts/btn_cameraController_slider_none_disable.png]
[10.41.39.153/css/pc/setting_basic.css]
[10.41.39.153/css/pc/setting_network.css]
[10.41.39.153/css/pc/parts/setup_update_ic_pc.png]
[10.41.39.153/css/pc/parts/setup_update_ft_arrow.gif]
[10.41.39.153/css/pc/setting_maintenace.css]
[10.41.39.153/css/pc/parts/setup_update_ic_camera.png]
[10.41.39.153/css/pc/parts/setup_menu_btn_radio_selected.png]
[10.41.39.153/css/pc/parts/setup_menu_btn_radio_normal.png]
[10.41.39.153/css/pc/parts/setup_menu_btn_radio_disable.png]
[10.41.39.153/css/pc/parts/setup_menu_btn_radio_selected_disable.png]
[10.41.39.153/css/pc/parts/setup_menu_btn_radio_selected_onmouse.png]
[10.41.39.153/css/pc/parts/setup_menu_btn_radio_onmouse.png]
[10.41.39.153/css/pc/parts/setup_menu_tab_V_single_selected.png]
[10.41.39.153/css/pc/parts/setup_menu_tab_V_single_normal.png]
[10.41.39.153/css/pc/parts/setup_menu_tab_V_single_onmouse.png]
[10.41.39.153/css/pc/parts/setup_menu_tab_V_single_disable.png]
[10.41.39.153/css/pc/parts/setup_menu_tab_V_top_selected.png]
[10.41.39.153/css/pc/parts/setup_menu_tab_V_top_normal.png]
[10.41.39.153/css/pc/parts/setup_menu_tab_V_top_onmouse.png]
[10.41.39.153/css/pc/parts/setup_menu_tab_V_top_disable.png]
[10.41.39.153/css/pc/parts/setup_menu_tab_V_middle_selected.png]
[10.41.39.153/css/pc/parts/setup_menu_tab_V_middle_normal.png]
[10.41.39.153/css/pc/parts/setup_menu_tab_V_middle_onmouse.png]
[10.41.39.153/css/pc/parts/setup_menu_tab_V_middle_disable.png]
[10.41.39.153/css/pc/parts/setup_menu_tab_V_bottom_selected.png]
[10.41.39.153/css/pc/parts/setup_menu_tab_V_bottom_normal.png]
[10.41.39.153/css/pc/parts/setup_menu_tab_V_bottom_onmouse.png]
[10.41.39.153/css/pc/parts/setup_menu_tab_V_bottom_disable.png]
[10.41.39.153/css/pc/parts/setup_image_adjust_menu_tab_L_selected.png]
[10.41.39.153/css/pc/parts/setup_image_adjust_menu_tab_L_normal.png]
[10.41.39.153/css/pc/parts/setup_image_adjust_menu_tab_L_onmouse.png]
[10.41.39.153/css/pc/parts/setup_image_adjust_menu_tab_M_selected.png]
[10.41.39.153/css/pc/parts/setup_image_adjust_menu_tab_M_normal.png]
[10.41.39.153/css/pc/parts/setup_image_adjust_menu_tab_M_onmouse.png]
[10.41.39.153/css/pc/parts/setup_image_adjust_menu_tab_M_disable.png]
[10.41.39.153/css/pc/parts/setup_image_adjust_menu_tab_selected.png]
[10.41.39.153/css/pc/parts/setup_image_adjust_menu_tab_R_normal.png]
[10.41.39.153/css/pc/parts/setup_image_adjust_menu_tab_R_onmouse.png]
[10.41.39.153/css/pc/parts/setup_image_adjust_menu_tab_disable.png]
[10.41.39.153/css/pc/parts/setup_menu_tab_V_divider_normal.png]
[10.41.39.153/css/pc/parts/setup_menu_tab_V_divider_disable.png]
[10.41.39.153/css/pc/parts/cc_ic_pulldown_pressed.png]
[10.41.39.153/css/pc/parts/cc_ic_pulldown_onmouse.png]
[10.41.39.153/css/pc/parts/cc_ic_pulldown_disable.png]
[10.41.39.153/css/pc/parts/live_off.png]
[10.41.39.153/css/pc/parts/live_on.png]
[10.41.39.153/css/pc/parts/sync_d.png]
[10.41.39.153/css/pc/parts/sync_a.png]
[10.41.39.153/css/pc/common_function.css]
[10.41.39.153/css/pc/parts/setup_slider_base_normal.png]
[10.41.39.153/css/pc/parts/setup_slider_base_disable.png]
[10.41.39.153/css/pc/parts/setup_slider_btn_option_normal.png]
[10.41.39.153/css/pc/parts/setup_slider_btn_option_selected.png]
[10.41.39.153/css/pc/parts/setup_slider_btn_option_onmouse.png]
[10.41.39.153/css/pc/parts/setup_slider_btn_normal.png]
[10.41.39.153/css/pc/parts/setup_slider_btn_pressed.png]
[10.41.39.153/css/pc/parts/setup_slider_btn_disable.png]
[10.41.39.153/css/pc/parts/setup_slider_btn_onmouse.png]
[10.41.39.153/css/pc/parts/setup_slider_knob_normal.png]
[10.41.39.153/css/pc/parts/setup_slider_knob_pressed.png]
[10.41.39.153/css/pc/parts/setup_slider_knob_disable.png]
[10.41.39.153/css/pc/parts/setup_slider_knob_onmouse.png]
[10.41.39.153/css/pc/slider.css]
[10.41.39.153/css/pc/setting_user_mng.css]
[10.41.39.153/css/pc/parts/container_cropoutput.bmp]
[10.41.39.153/css/pc/parts/setup_menu_btn_ckeckbox_normal.png]
[10.41.39.153/css/pc/parts/setup_menu_btn_ckeckbox_onmouse.png]
[10.41.39.153/css/pc/parts/setup_menu_btn_ckeckbox_selected.png]
[10.41.39.153/css/pc/parts/setup_menu_btn_ckeckbox_selected_onmouse.png]
[10.41.39.153/css/pc/parts/setup_menu_btn_ckeckbox_disable.png]
[10.41.39.153/css/pc/parts/setup_menu_btn_ckeckbox_selected_disable.png]
[10.41.39.153/css/pc/parts/setup_crop_ic_g.png]
[10.41.39.153/css/pc/parts/setup_crop_ic_mg.png]
[10.41.39.153/css/pc/parts/setup_crop_ic_y.png]
[10.41.39.153/css/pc/parts/setup_crop_ic_full.png]
[10.41.39.153/css/pc/parts/L_cropoutselect_Y_selected.bmp]
[10.41.39.153/css/pc/parts/btn_radio_selected.png]
[10.41.39.153/css/pc/parts/btn_radio_selectedOnMouse.png]
[10.41.39.153/css/pc/parts/L_cropoutselect_Y_normal.bmp]
[10.41.39.153/css/pc/parts/btn_radio_normal.png]
[10.41.39.153/css/pc/parts/L_cropoutselect_Y_disable.bmp]
[10.41.39.153/css/pc/parts/btn_radio_disable.png]
[10.41.39.153/css/pc/parts/L_cropoutselect_Y_onmouse.bmp]
[10.41.39.153/css/pc/parts/btn_radio_onMouse.png]
[10.41.39.153/css/pc/parts/L_cropoutselect_G_selected.bmp]
[10.41.39.153/css/pc/parts/L_cropoutselect_G_normal.bmp]
[10.41.39.153/css/pc/parts/L_cropoutselect_G_disable.bmp]
[10.41.39.153/css/pc/parts/L_cropoutselect_G_onmouse.bmp]
[10.41.39.153/css/pc/parts/L_cropoutselect_M_selected.bmp]
[10.41.39.153/css/pc/parts/L_cropoutselect_M_normal.bmp]
[10.41.39.153/css/pc/parts/L_cropoutselect_M_disable.bmp]
[10.41.39.153/css/pc/parts/L_cropoutselect_M_onmouse.bmp]
[10.41.39.153/css/pc/parts/setup_crop_slider_knob_V_normal.png]
[10.41.39.153/css/pc/parts/setup_crop_slider_knob_V_pressed.png]
[10.41.39.153/css/pc/parts/setup_crop_slider_knob_V_onmouse.png]
[10.41.39.153/css/pc/parts/setup_crop_slider_knob_V_disable.png]
[10.41.39.153/css/pc/parts/setup_crop_slider_knob_L_normal.png]
[10.41.39.153/css/pc/parts/setup_crop_slider_knob_L_pressed.png]
[10.41.39.153/css/pc/parts/setup_crop_slider_knob_L_onmouse.png]
[10.41.39.153/css/pc/parts/setup_crop_slider_knob_L_disable.png]
[10.41.39.153/css/pc/parts/setup_limitationsetting_btn_upper_normal.png]
[10.41.39.153/css/pc/parts/setup_limitationsetting_btn_upper_selected.png]
[10.41.39.153/css/pc/parts/setup_limitationsetting_btn_upper_disable.png]
[10.41.39.153/css/pc/parts/setup_limitationsetting_btn_upper_onmouse.png]
[10.41.39.153/css/pc/parts/setup_limitationsetting_btn_lower_normal.png]
[10.41.39.153/css/pc/parts/setup_limitationsetting_btn_lower_selected.png]
[10.41.39.153/css/pc/parts/setup_limitationsetting_btn_lower_disable.png]
[10.41.39.153/css/pc/parts/setup_limitationsetting_btn_lower_onmouse.png]
[10.41.39.153/css/pc/parts/setup_limitationsetting_btn_left_normal.png]
[10.41.39.153/css/pc/parts/setup_limitationsetting_btn_left_selected.png]
[10.41.39.153/css/pc/parts/setup_limitationsetting_btn_left_disable.png]
[10.41.39.153/css/pc/parts/setup_limitationsetting_btn_left_onmouse.png]
[10.41.39.153/css/pc/parts/setup_limitationsetting_btn_right_normal.png]
[10.41.39.153/css/pc/parts/setup_limitationsetting_btn_right_selected.png]
[10.41.39.153/css/pc/parts/setup_limitationsetting_btn_right_disable.png]
[10.41.39.153/css/pc/parts/setup_limitationsetting_btn_right_onmouse.png]
[10.41.39.153/css/pc/parts/setup_limitationsetting_img_arrow.png]
[10.41.39.153/css/pc/parts/setup_slider_btn_option_selected_onmouse.png]
[10.41.39.153/img/R_f.png]
[10.41.39.153/img/MG_R_f.png]
[10.41.39.153/img/MG_f.png]
[10.41.39.153/img/B_MG_f.png]
[10.41.39.153/img/B_f.png]
[10.41.39.153/img/CY_B_f.png]
[10.41.39.153/img/CY_f.png]
[10.41.39.153/img/G_CY_f.png]
[10.41.39.153/img/G_f.png]
[10.41.39.153/img/YE_G_f.png]
[10.41.39.153/img/YE_f.png]
[10.41.39.153/img/R_YE_f.png]
[10.41.39.153/css/pc/parts/matrix_color_correction.png]
[10.41.39.153/css/pc/parts/setup_crop_tab_L_selected.png]
[10.41.39.153/css/pc/parts/setup_crop_tab_L_normal.png]
[10.41.39.153/css/pc/parts/setup_crop_tab_L_disable.png]
[10.41.39.153/css/pc/parts/setup_crop_tab_L_onmouse.png]
[10.41.39.153/css/pc/parts/setup_crop_tab_R_selected.png]
[10.41.39.153/css/pc/parts/setup_crop_tab_R_normal.png]
[10.41.39.153/css/pc/parts/setup_crop_tab_R_disable.png]
[10.41.39.153/css/pc/parts/setup_crop_tab_R_onmouse.png]
[10.41.39.153/css/pc/parts/container_adjust.bmp]
[10.41.39.153/css/pc/parts/btn_check_selectedOnMouse.png]
[10.41.39.153/css/pc/parts/btn_check_onMouse.png]
[10.41.39.153/css/pc/parts/btn_check_normal.png]
[10.41.39.153/css/pc/parts/btn_check_selected.png]
[10.41.39.153/css/pc/setting_imageOrAudio.css]
[10.41.39.153/css/pc/setting_mediaOverIp.css]
[10.41.39.153/css/pc/setup_main_menu.css]
[10.41.39.153/css/pc/setting_status.css]
[10.41.39.153/css/pc/setting_signals.css]
[10.41.39.153/css/pc/parts/btn_slience.html]
[10.41.39.153/css/pc/parts/setup_slider_btn_option_selected_Onmouse.html]
[10.41.39.153/css/pc/parts/setup_slider_btn_Onmouse.html]
[10.41.39.153/css/pc/parts/setup_slider_knob_Onmouse.html]
[10.41.39.153/css/pc/parts/L_cropoutselect_Y_selectedOnmouse.html]
[10.41.39.153/css/pc/parts/L_cropoutselect_G_selectedOnmouse.html]
[10.41.39.153/css/pc/parts/L_cropoutselect_M_selectedOnmouse.html]
